2026-05-24 12:44:37.309 INFO  a.d.s.SpringProject14aprelApplication - Starting SpringProject14aprelApplication using Java 21.0.9 with PID 20996 (C:\github\14aprelgroup\codes\spring\spring-project-14aprel\spring-project-14aprel\target\classes started by Victus in C:\github\14aprelgroup\codes\spring\spring-project-14aprel\spring-project-14aprel)
2026-05-24 12:44:37.313 DEBUG a.d.s.SpringProject14aprelApplication - Running with Spring Boot v4.0.6, Spring v7.0.7
2026-05-24 12:44:37.314 INFO  a.d.s.SpringProject14aprelApplication - No active profile set, falling back to 1 default profile: "default"
2026-05-24 12:44:37.407 INFO  o.s.b.d.e.DevToolsPropertyDefaultsPostProcessor - Devtools property defaults active! Set 'spring.devtools.add-properties' to 'false' to disable
2026-05-24 12:44:37.407 INFO  o.s.b.d.e.DevToolsPropertyDefaultsPostProcessor - For additional web related logging consider setting the 'logging.level.web' property to 'DEBUG'
2026-05-24 12:44:38.748 INFO  o.s.boot.tomcat.TomcatWebServer - Tomcat initialized with port 9054 (http)
2026-05-24 12:44:38.771 INFO  o.a.coyote.http11.Http11NioProtocol - Initializing ProtocolHandler ["http-nio-9054"]
2026-05-24 12:44:38.773 INFO  o.a.catalina.core.StandardService - Starting service [Tomcat]
2026-05-24 12:44:38.775 INFO  o.a.catalina.core.StandardEngine - Starting Servlet engine: [Apache Tomcat/11.0.21]
2026-05-24 12:44:38.828 INFO  o.s.b.w.c.s.WebApplicationContextInitializer - Root WebApplicationContext: initialization completed in 1419 ms
2026-05-24 12:44:39.382 INFO  o.a.coyote.http11.Http11NioProtocol - Starting ProtocolHandler ["http-nio-9054"]
2026-05-24 12:44:39.412 INFO  o.s.boot.tomcat.TomcatWebServer - Tomcat started on port 9054 (http) with context path '/'
2026-05-24 12:44:39.417 INFO  a.d.s.SpringProject14aprelApplication - Started SpringProject14aprelApplication in 3.073 seconds (process running for 3.708)
2026-05-24 12:44:39.463 INFO  o.s.b.d.e.DevToolsPropertyDefaultsPostProcessor - Devtools property defaults active! Set 'spring.devtools.add-properties' to 'false' to disable
2026-05-24 12:44:39.465 INFO  o.s.b.d.e.DevToolsPropertyDefaultsPostProcessor - For additional web related logging consider setting the 'logging.level.web' property to 'DEBUG'
2026-05-24 12:44:39.470 INFO  a.d.s.SpringProject14aprelApplication - Starting SpringProject14aprelApplication using Java 21.0.9 with PID 20996 (C:\github\14aprelgroup\codes\spring\spring-project-14aprel\spring-project-14aprel\target\classes started by Victus in C:\github\14aprelgroup\codes\spring\spring-project-14aprel\spring-project-14aprel)
2026-05-24 12:44:39.470 DEBUG a.d.s.SpringProject14aprelApplication - Running with Spring Boot v4.0.6, Spring v7.0.7
2026-05-24 12:44:39.470 INFO  a.d.s.SpringProject14aprelApplication - No active profile set, falling back to 1 default profile: "default"
2026-05-24 12:44:39.692 INFO  o.s.boot.tomcat.TomcatWebServer - Tomcat initialized with port 9054 (http)
2026-05-24 12:44:39.693 INFO  o.a.coyote.http11.Http11NioProtocol - Initializing ProtocolHandler ["http-nio-9054"]
2026-05-24 12:44:39.694 INFO  o.a.catalina.core.StandardService - Starting service [Tomcat]
2026-05-24 12:44:39.694 INFO  o.a.catalina.core.StandardEngine - Starting Servlet engine: [Apache Tomcat/11.0.21]
2026-05-24 12:44:39.716 INFO  o.s.b.w.c.s.WebApplicationContextInitializer - Root WebApplicationContext: initialization completed in 244 ms
2026-05-24 12:44:39.814 INFO  o.a.coyote.http11.Http11NioProtocol - Starting ProtocolHandler ["http-nio-9054"]
2026-05-24 12:44:39.822 WARN  o.s.b.w.s.s.c.AnnotationConfigServletWebServerApplicationContext - Exception encountered during context initialization - cancelling refresh attempt: org.springframework.context.ApplicationContextException: Failed to start bean 'webServerStartStop'
2026-05-24 12:44:39.843 INFO  o.s.b.a.l.ConditionEvaluationReportLogger - 

Error starting ApplicationContext. To display the condition evaluation report re-run your application with 'debug' enabled.
2026-05-24 12:44:39.865 ERROR o.s.b.d.LoggingFailureAnalysisReporter - 

***************************
APPLICATION FAILED TO START
***************************

Description:

Web server failed to start. Port 9054 was already in use.

Action:

Identify and stop the process that's listening on port 9054 or configure this application to listen on another port.

